[    0.000000] Initializing cgroup subsys cpuset
[    0.000000] Initializing cgroup subsys cpu
[    0.000000] Initializing cgroup subsys cpuacct
[    0.000000] Linux version 4.4.0-174-generic (buildd@lcy01-amd64-027) (gcc version 5.4.0 20160609 (Ubuntu 5.4.0-6ubuntu1~16.04.12) ) #204-Ubuntu SMP Wed Jan 29 06:41:01 UTC 2020 (Ubuntu 4.4.0-174.204-generic 4.4.211)
[    0.000000] Command line: BOOT_IMAGE=/boot/vmlinuz-4.4.0-174-generic root=LABEL=cloudimg-rootfs ro console=tty1 console=ttyS0
[    0.000000] KERNEL supported cpus:
[    0.000000]   Intel GenuineIntel
[    0.000000]   AMD AuthenticAMD
[    0.000000]   Centaur CentaurHauls
[    0.000000] x86/fpu: xstate_offset[2]:  576, xstate_sizes[2]:  256
[    0.000000] x86/fpu: Supporting XSAVE feature 0x01: 'x87 floating point registers'
[    0.000000] x86/fpu: Supporting XSAVE feature 0x02: 'SSE registers'
[    0.000000] x86/fpu: Supporting XSAVE feature 0x04: 'AVX registers'
[    0.000000] x86/fpu: Enabled xstate features 0x7, context size is 832 bytes, using 'standard' format.
[    0.000000] e820: BIOS-provided physical RAM map:
[    0.000000] BIOS-e820: [mem 0x0000000000000000-0x000000000009fbff] usable
[    0.000000] BIOS-e820: [mem 0x000000000009fc00-0x000000000009ffff] reserved
[    0.000000] BIOS-e820: [mem 0x00000000000f0000-0x00000000000fffff] reserved
[    0.000000] BIOS-e820: [mem 0x0000000000100000-0x000000003ffeffff] usable
[    0.000000] BIOS-e820: [mem 0x000000003fff0000-0x000000003fffffff] ACPI data
[    0.000000] BIOS-e820: [mem 0x00000000fec00000-0x00000000fec00fff] reserved
[    0.000000] BIOS-e820: [mem 0x00000000fee00000-0x00000000fee00fff] reserved
[    0.000000] BIOS-e820: [mem 0x00000000fffc0000-0x00000000ffffffff] reserved
[    0.000000] NX (Execute Disable) protection: active
[    0.000000] SMBIOS 2.5 present.
[    0.000000] Hypervisor detected: KVM
[    0.000000] e820: last_pfn = 0x3fff0 max_arch_pfn = 0x400000000
[    0.000000] MTRR: Disabled
[    0.000000] x86/PAT: MTRRs disabled, skipping PAT initialization too.
[    0.000000] CPU MTRRs all blank - virtualized system.
[    0.000000] x86/PAT: Configuration [0-7]: WB  WT  UC- UC  WB  WT  UC- UC  
[    0.000000] found SMP MP-table at [mem 0x0009fff0-0x0009ffff] mapped at [ffff88000009fff0]
[    0.000000] Scanning 1 areas for low memory corruption
[    0.000000] RAMDISK: [mem 0x362e2000-0x37168fff]
[    0.000000] ACPI: Early table checksum verification disabled
[    0.000000] ACPI: RSDP 0x00000000000E0000 000024 (v02 VBOX  )
[    0.000000] ACPI: XSDT 0x000000003FFF0030 00003C (v01 VBOX   VBOXXSDT 00000001 ASL  00000061)
[    0.000000] ACPI: FACP 0x000000003FFF00F0 0000F4 (v04 VBOX   VBOXFACP 00000001 ASL  00000061)
[    0.000000] ACPI: DSDT 0x000000003FFF0470 002325 (v02 VBOX   VBOXBIOS 00000002 INTL 20100528)
[    0.000000] ACPI: FACS 0x000000003FFF0200 000040
[    0.000000] ACPI: FACS 0x000000003FFF0200 000040
[    0.000000] ACPI: APIC 0x000000003FFF0240 00005C (v02 VBOX   VBOXAPIC 00000001 ASL  00000061)
[    0.000000] ACPI: SSDT 0x000000003FFF02A0 0001CC (v01 VBOX   VBOXCPUT 00000002 INTL 20100528)
[    0.000000] No NUMA configuration found
[    0.000000] Faking a node at [mem 0x0000000000000000-0x000000003ffeffff]
[    0.000000] NODE_DATA(0) allocated [mem 0x3ffeb000-0x3ffeffff]
[    0.000000] kvm-clock: Using msrs 4b564d01 and 4b564d00
[    0.000000] kvm-clock: cpu 0, msr 0:3ffe3001, primary cpu clock
[    0.000000] kvm-clock: using sched offset of 4018810558 cycles
[    0.000000] clocksource: kvm-clock: mask: 0xffffffffffffffff max_cycles: 0x1cd42e4dffb, max_idle_ns: 881590591483 ns
[    0.000000] Zone ranges:
[    0.000000]   DMA      [mem 0x0000000000001000-0x0000000000ffffff]
[    0.000000]   DMA32    [mem 0x0000000001000000-0x000000003ffeffff]
[    0.000000]   Normal   empty
[    0.000000]   Device   empty
[    0.000000] Movable zone start for each node
[    0.000000] Early memory node ranges
[    0.000000]   node   0: [mem 0x0000000000001000-0x000000000009efff]
[    0.000000]   node   0: [mem 0x0000000000100000-0x000000003ffeffff]
[    0.000000] Initmem setup node 0 [mem 0x0000000000001000-0x000000003ffeffff]
[    0.000000] ACPI: PM-Timer IO Port: 0x4008
[    0.000000] IOAPIC[0]: apic_id 2, version 32, address 0xfec00000, GSI 0-23
[    0.000000] ACPI: INT_SRC_OVR (bus 0 bus_irq 0 global_irq 2 dfl dfl)
[    0.000000] ACPI: INT_SRC_OVR (bus 0 bus_irq 9 global_irq 9 low level)
[    0.000000] Using ACPI (MADT) for SMP configuration information
[    0.000000] smpboot: Allowing 2 CPUs, 0 hotplug CPUs
[    0.000000] PM: Registered nosave memory: [mem 0x00000000-0x00000fff]
[    0.000000] PM: Registered nosave memory: [mem 0x0009f000-0x0009ffff]
[    0.000000] PM: Registered nosave memory: [mem 0x000a0000-0x000effff]
[    0.000000] PM: Registered nosave memory: [mem 0x000f0000-0x000fffff]
[    0.000000] e820: [mem 0x40000000-0xfebfffff] available for PCI devices
[    0.000000] Booting paravirtualized kernel on KVM
[    0.000000] clocksource: refined-jiffies: mask: 0xffffffff max_cycles: 0xffffffff, max_idle_ns: 7645519600211568 ns
[    0.000000] setup_percpu: NR_CPUS:512 nr_cpumask_bits:512 nr_cpu_ids:2 nr_node_ids:1
[    0.000000] PERCPU: Embedded 33 pages/cpu @ffff88003fc00000 s95448 r8192 d31528 u1048576
[    0.000000] Built 1 zonelists in Node order, mobility grouping on.  Total pages: 257912
[    0.000000] Policy zone: DMA32
[    0.000000] Kernel command line: BOOT_IMAGE=/boot/vmlinuz-4.4.0-174-generic root=LABEL=cloudimg-rootfs ro console=tty1 console=ttyS0
[    0.000000] PID hash table entries: 4096 (order: 3, 32768 bytes)
[    0.000000] Memory: 997676K/1048120K available (8626K kernel code, 1336K rwdata, 4032K rodata, 1488K init, 1292K bss, 50444K reserved, 0K cma-reserved)
[    0.000000] SLUB: HWalign=64, Order=0-3, MinObjects=0, CPUs=2, Nodes=1
[    0.000000] Kernel/User page tables isolation: enabled
[    0.000000] Hierarchical RCU implementation.
[    0.000000] 	Build-time adjustment of leaf fanout to 64.
[    0.000000] 	RCU restricting CPUs from NR_CPUS=512 to nr_cpu_ids=2.
[    0.000000] RCU: Adjusting geometry for rcu_fanout_leaf=64, nr_cpu_ids=2
[    0.000000] NR_IRQS:33024 nr_irqs:440 16
[    0.000000] Console: colour VGA+ 80x25
[    0.000000] console [tty1] enabled
[    0.000000] console [ttyS0] enabled
[    0.000000] tsc: Detected 2494.238 MHz processor
[    0.155121] Calibrating delay loop (skipped) preset value.. 4988.47 BogoMIPS (lpj=9976952)
[    0.156803] pid_max: default: 32768 minimum: 301
[    0.157600] ACPI: Core revision 20150930
[    0.159851] ACPI: 2 ACPI AML tables successfully acquired and loaded
[    0.161030] Security Framework initialized
[    0.161830] Yama: becoming mindful.
[    0.162494] AppArmor: AppArmor initialized
[    0.163318] Dentry cache hash table entries: 131072 (order: 8, 1048576 bytes)
[    0.167780] Inode-cache hash table entries: 65536 (order: 7, 524288 bytes)
[    0.168938] Mount-cache hash table entries: 2048 (order: 2, 16384 bytes)
[    0.170043] Mountpoint-cache hash table entries: 2048 (order: 2, 16384 bytes)
[    0.171316] Initializing cgroup subsys io
[    0.172085] Initializing cgroup subsys memory
[    0.172839] Initializing cgroup subsys devices
[    0.173642] Initializing cgroup subsys freezer
[    0.174453] Initializing cgroup subsys net_cls
[    0.175457] Initializing cgroup subsys perf_event
[    0.176525] Initializing cgroup subsys net_prio
[    0.177431] Initializing cgroup subsys hugetlb
[    0.178206] Initializing cgroup subsys pids
[    0.179864] mce: CPU supports 0 MCE banks
[    0.180592] Last level iTLB entries: 4KB 1024, 2MB 1024, 4MB 1024
[    0.181632] Last level dTLB entries: 4KB 1024, 2MB 1024, 4MB 1024, 1GB 4
[    0.182689] Spectre V1 : Mitigation: usercopy/swapgs barriers and __user pointer sanitization
[    0.184233] Spectre V2 : Mitigation: Full generic retpoline
[    0.185159] Spectre V2 : Spectre v2 / SpectreRSB mitigation: Filling RSB on context switch
[    0.186603] Speculative Store Bypass: Vulnerable
[    0.187509] MDS: Vulnerable: Clear CPU buffers attempted, no microcode
[    0.191666] Freeing SMP alternatives memory: 36K
[    0.198583] ftrace: allocating 32305 entries in 127 pages
[    0.263291] smpboot: APIC(0) Converting physical 0 to logical package 0
[    0.264550] smpboot: Max logical packages: 1
[    0.265697] x2apic enabled
[    0.266662] Switched APIC routing to physical x2apic.
[    0.268840] ..TIMER: vector=0x30 apic1=0 pin1=2 apic2=-1 pin2=-1
[    0.378227] smpboot: CPU0: Intel(R) Core(TM) i7-4710MQ CPU @ 2.50GHz (family: 0x6, model: 0x3c, stepping: 0x3)
[    0.380421] Performance Events: unsupported p6 CPU model 60 no PMU driver, software events only.
[    0.394192] KVM setup paravirtual spinlock
[    0.395877] x86: Booting SMP configuration:
[    0.396862] .... node  #0, CPUs:      #1
[    0.397786] kvm-clock: cpu 1, msr 0:3ffe3041, secondary cpu clock
[    0.399505] mce: CPU supports 0 MCE banks
[    0.402119] x86: Booted up 1 node, 2 CPUs
[    0.403176] smpboot: Total of 2 processors activated (9976.95 BogoMIPS)
[    0.404965] devtmpfs: initialized
[    0.407186] evm: security.selinux
[    0.407987] evm: security.SMACK64
[    0.408975] evm: security.SMACK64EXEC
[    0.410022] evm: security.SMACK64TRANSMUTE
[    0.411025] evm: security.SMACK64MMAP
[    0.411866] evm: security.ima
[    0.412542] evm: security.capability
[    0.413660] clocksource: jiffies: mask: 0xffffffff max_cycles: 0xffffffff, max_idle_ns: 7645041785100000 ns
[    0.415924] futex hash table entries: 512 (order: 3, 32768 bytes)
[    0.417369] pinctrl core: initialized pinctrl subsystem
[    0.418878] RTC time: 11:09:47, date: 03/24/20
[    0.419951] NET: Registered protocol family 16
[    0.434095] cpuidle: using governor ladder
[    0.445914] cpuidle: using governor menu
[    0.446673] PCCT header not found.
[    0.447546] ACPI: bus type PCI registered
[    0.448397] acpiphp: ACPI Hot Plug PCI Controller Driver version: 0.5
[    0.449699] PCI: Using configuration type 1 for base access
[    0.462600] ACPI: Added _OSI(Module Device)
[    0.463569] ACPI: Added _OSI(Processor Device)
[    0.464508] ACPI: Added _OSI(3.0 _SCP Extensions)
[    0.465627] ACPI: Added _OSI(Processor Aggregator Device)
[    0.467424] ACPI: Executed 1 blocks of module-level executable AML code
[    0.470844] ACPI: Interpreter enabled
[    0.471660] ACPI: (supports S0 S5)
[    0.472447] ACPI: Using IOAPIC for interrupt routing
[    0.473637] PCI: Using host bridge windows from ACPI; if necessary, use "pci=nocrs" and report a bug
[    0.479526] ACPI: PCI Root Bridge [PCI0] (domain 0000 [bus 00-ff])
[    0.480886] acpi PNP0A03:00: _OSC: OS supports [ASPM ClockPM Segments MSI]
[    0.482563] acpi PNP0A03:00: _OSC: not requesting OS control; OS requires [ExtendedConfig ASPM ClockPM MSI]
[    0.484586] acpi PNP0A03:00: fail to add MMCONFIG information, can't access extended PCI configuration space under this bridge.
[    0.487326] PCI host bridge to bus 0000:00
[    0.488315] pci_bus 0000:00: root bus resource [io  0x0000-0x0cf7 window]
[    0.490137] pci_bus 0000:00: root bus resource [io  0x0d00-0xffff window]
[    0.491560] pci_bus 0000:00: root bus resource [mem 0x000a0000-0x000bffff window]
[    0.493319] pci_bus 0000:00: root bus resource [mem 0x40000000-0xfdffffff window]
[    0.495164] pci_bus 0000:00: root bus resource [bus 00-ff]
[    0.498239] pci 0000:00:01.1: legacy IDE quirk: reg 0x10: [io  0x01f0-0x01f7]
[    0.499580] pci 0000:00:01.1: legacy IDE quirk: reg 0x14: [io  0x03f6]
[    0.500878] pci 0000:00:01.1: legacy IDE quirk: reg 0x18: [io  0x0170-0x0177]
[    0.502250] pci 0000:00:01.1: legacy IDE quirk: reg 0x1c: [io  0x0376]
[    0.542414] pci 0000:00:07.0: quirk: [io  0x4000-0x403f] claimed by PIIX4 ACPI
[    0.544245] pci 0000:00:07.0: quirk: [io  0x4100-0x410f] claimed by PIIX4 SMB
[    0.555400] ACPI: PCI Interrupt Link [LNKA] (IRQs 5 9 10 *11)
[    0.557063] ACPI: PCI Interrupt Link [LNKB] (IRQs 5 9 *10 11)
[    0.559971] ACPI: PCI Interrupt Link [LNKC] (IRQs 5 *9 10 11)
[    0.563024] ACPI: PCI Interrupt Link [LNKD] (IRQs 5 9 10 *11)
[    0.566114] ACPI: Enabled 2 GPEs in block 00 to 07
[    0.568771] vgaarb: setting as boot device: PCI:0000:00:02.0
[    0.570872] vgaarb: device added: PCI:0000:00:02.0,decodes=io+mem,owns=io+mem,locks=none
[    0.574157] vgaarb: loaded
[    0.575594] vgaarb: bridge control possible 0000:00:02.0
[    0.578296] SCSI subsystem initialized
[    0.580266] ACPI: bus type USB registered
[    0.582110] usbcore: registered new interface driver usbfs
[    0.584359] usbcore: registered new interface driver hub
[    0.586541] usbcore: registered new device driver usb
[    0.588711] PCI: Using ACPI for IRQ routing
[    0.593643] NetLabel: Initializing
[    0.594464] NetLabel:  domain hash size = 128
[    0.595425] NetLabel:  protocols = UNLABELED CIPSOv4
[    0.596760] NetLabel:  unlabeled traffic allowed by default
[    0.598097] amd_nb: Cannot enumerate AMD northbridges
[    0.599191] clocksource: Switched to clocksource kvm-clock
[    0.613740] AppArmor: AppArmor Filesystem Enabled
[    0.614846] pnp: PnP ACPI init
[    0.616459] pnp: PnP ACPI: found 3 devices
[    0.626552] clocksource: acpi_pm: mask: 0xffffff max_cycles: 0xffffff, max_idle_ns: 2085701024 ns
[    0.628684] NET: Registered protocol family 2
[    0.629820] TCP established hash table entries: 8192 (order: 4, 65536 bytes)
[    0.631185] TCP bind hash table entries: 8192 (order: 5, 131072 bytes)
[    0.632451] TCP: Hash tables configured (established 8192 bind 8192)
[    0.633629] UDP hash table entries: 512 (order: 2, 16384 bytes)
[    0.634757] UDP-Lite hash table entries: 512 (order: 2, 16384 bytes)
[    0.636163] NET: Registered protocol family 1
[    0.637146] pci 0000:00:00.0: Limiting direct PCI/PCI transfers
[    0.638307] pci 0000:00:01.0: Activating ISA DMA hang workarounds
[    0.639682] Unpacking initramfs...
[    0.902550] Freeing initrd memory: 14876K
[    0.904190] RAPL PMU detected, API unit is 2^-32 Joules, 4 fixed counters 10737418240 ms ovfl timer
[    0.906101] hw unit of domain pp0-core 2^-0 Joules
[    0.907077] hw unit of domain package 2^-0 Joules
[    0.908706] hw unit of domain dram 2^-0 Joules
[    0.909811] hw unit of domain pp1-gpu 2^-0 Joules
[    0.910760] clocksource: tsc: mask: 0xffffffffffffffff max_cycles: 0x23f3f6e46d8, max_idle_ns: 440795306935 ns
[    0.912765] platform rtc_cmos: registered platform RTC device (no PNP device found)
[    0.914383] Scanning for low memory corruption every 60 seconds
[    0.916202] audit: initializing netlink subsys (disabled)
[    0.917335] audit: type=2000 audit(1585048193.527:1): initialized
[    0.918764] Initialise system trusted keyring
[    0.919925] HugeTLB registered 2 MB page size, pre-allocated 0 pages
[    0.922263] zbud: loaded
[    0.923203] VFS: Disk quotas dquot_6.6.0
[    0.924285] VFS: Dquot-cache hash table entries: 512 (order 0, 4096 bytes)
[    0.926432] squashfs: version 4.0 (2009/01/31) Phillip Lougher
[    0.928110] fuse init (API version 7.23)
[    0.929121] Key type big_key registered
[    0.930118] Allocating IMA MOK and blacklist keyrings.
[    0.932954] Key type asymmetric registered
[    0.933852] Asymmetric key parser 'x509' registered
[    0.934874] Block layer SCSI generic (bsg) driver version 0.4 loaded (major 249)
[    0.936640] io scheduler noop registered
[    0.937535] io scheduler deadline registered (default)
[    0.938603] io scheduler cfq registered
[    0.939630] pci_hotplug: PCI Hot Plug PCI Core version: 0.5
[    0.940959] pciehp: PCI Express Hot Plug Controller Driver version: 0.4
[    0.943151] ACPI: AC Adapter [AC] (on-line)
[    0.944283] input: Power Button as /devices/LNXSYSTM:00/LNXPWRBN:00/input/input0
[    0.945807] ACPI: Power Button [PWRF]
[    0.946692] input: Sleep Button as /devices/LNXSYSTM:00/LNXSLPBN:00/input/input1
[    0.948277] ACPI: Sleep Button [SLPF]
[    0.949276] GHES: HEST is not enabled!
[    0.949894] ACPI: Battery Slot [BAT0] (battery present)
[    0.951368] Serial: 8250/16550 driver, 32 ports, IRQ sharing enabled
[    0.973038] 00:02: ttyS0 at I/O 0x3f8 (irq = 4, base_baud = 115200) is a 16550A
[    0.978754] Linux agpgart interface v0.103
[    0.981624] loop: module loaded
[    0.982889] scsi host0: ata_piix
[    0.983803] scsi host1: ata_piix
[    0.984586] ata1: PATA max UDMA/33 cmd 0x1f0 ctl 0x3f6 bmdma 0xd000 irq 14
[    0.985971] ata2: PATA max UDMA/33 cmd 0x170 ctl 0x376 bmdma 0xd008 irq 15
[    0.987426] libphy: Fixed MDIO Bus: probed
[    0.988361] tun: Universal TUN/TAP device driver, 1.6
[    0.989569] tun: (C) 1999-2004 Max Krasnyansky <maxk@qualcomm.com>
[    0.991068] PPP generic driver version 2.4.2
[    0.992265] ehci_hcd: USB 2.0 'Enhanced' Host Controller (EHCI) Driver
[    0.993526] ehci-pci: EHCI PCI platform driver
[    0.994492] ehci-platform: EHCI generic platform driver
[    0.995710] ohci_hcd: USB 1.1 'Open' Host Controller (OHCI) Driver
[    0.996926] ohci-pci: OHCI PCI platform driver
[    0.997869] ohci-platform: OHCI generic platform driver
[    0.998908] uhci_hcd: USB Universal Host Controller Interface driver
[    1.000230] i8042: PNP: PS/2 Controller [PNP0303:PS2K,PNP0f03:PS2M] at 0x60,0x64 irq 1,12
[    1.002333] serio: i8042 KBD port at 0x60,0x64 irq 1
[    1.003321] serio: i8042 AUX port at 0x60,0x64 irq 12
[    1.004587] mousedev: PS/2 mouse device common for all mice
[    1.006104] input: AT Translated Set 2 keyboard as /devices/platform/i8042/serio0/input/input2
[    1.008779] rtc_cmos rtc_cmos: rtc core: registered rtc_cmos as rtc0
[    1.010363] rtc_cmos rtc_cmos: alarms up to one day, 114 bytes nvram
[    1.011800] i2c /dev entries driver
[    1.012670] device-mapper: uevent: version 1.0.3
[    1.013802] device-mapper: ioctl: 4.34.0-ioctl (2015-10-28) initialised: dm-devel@redhat.com
[    1.015641] ledtrig-cpu: registered to indicate activity on CPUs
[    1.017286] NET: Registered protocol family 10
[    1.018390] NET: Registered protocol family 17
[    1.019351] Key type dns_resolver registered
[    1.020836] registered taskstats version 1
[    1.021716] Loading compiled-in X.509 certificates
[    1.023255] Loaded X.509 cert 'Build time autogenerated kernel key: 2501974cc66248a18f8fa54aaac948a5171f77fb'
[    1.026509] zswap: loaded using pool lzo/zbud
[    1.031618] Key type trusted registered
[    1.035803] Key type encrypted registered
[    1.036821] AppArmor: AppArmor sha1 policy hashing enabled
[    1.038012] ima: No TPM chip found, activating TPM-bypass!
[    1.039120] ima: Allocated hash algorithm: sha1
[    1.040067] evm: HMAC attrs: 0x1
[    1.041443]   Magic number: 12:566:176
[    1.042850] rtc_cmos rtc_cmos: setting system clock to 2020-03-24 11:09:48 UTC (1585048188)
[    1.045504] BIOS EDD facility v0.16 2004-Jun-25, 0 devices found
[    1.046653] EDD information not available.
[    1.178632] Freeing unused kernel memory: 1488K
[    1.182481] Write protecting the kernel read-only data: 14336k
[    1.188750] Freeing unused kernel memory: 1604K
[    1.194288] Freeing unused kernel memory: 64K
Loading, please wait...
starting version 229
[    1.251127] random: systemd-udevd: uninitialized urandom read (16 bytes read, 2 bits of entropy available)
[    1.252014] random: udevadm: uninitialized urandom read (16 bytes read, 2 bits of entropy available)
[    1.252039] random: udevadm: uninitialized urandom read (16 bytes read, 2 bits of entropy available)
[    1.260195] random: systemd-udevd: uninitialized urandom read (16 bytes read, 2 bits of entropy available)
[    1.263147] random: systemd-udevd: uninitialized urandom read (16 bytes read, 2 bits of entropy available)
[    1.264505] random: udevadm: uninitialized urandom read (16 bytes read, 2 bits of entropy available)
[    1.264561] random: udevadm: uninitialized urandom read (16 bytes read, 2 bits of entropy available)
[    1.264739] random: udevadm: uninitialized urandom read (16 bytes read, 2 bits of entropy available)
[    1.264804] random: udevadm: uninitialized urandom read (16 bytes read, 2 bits of entropy available)
[    1.264869] random: udevadm: uninitialized urandom read (16 bytes read, 2 bits of entropy available)
[    1.311493] Fusion MPT base driver 3.04.20
[    1.312544] Copyright (c) 1999-2008 LSI Corporation
[    1.313767] e1000: Intel(R) PRO/1000 Network Driver - version 7.3.21-k8-NAPI
[    1.315544] e1000: Copyright (c) 1999-2006 Intel Corporation.
[    1.331086] Fusion MPT SPI Host driver 3.04.20
[    1.350428] AVX2 version of gcm_enc/dec engaged.
[    1.351387] AES CTR mode by8 optimization enabled
[    1.531051] input: ImExPS/2 Generic Explorer Mouse as /devices/platform/i8042/serio1/input/input4
[    1.695590] e1000 0000:00:03.0 eth0: (PCI:33MHz:32-bit) 02:28:e8:e3:81:d2
[    1.696950] e1000 0000:00:03.0 eth0: Intel(R) PRO/1000 Network Connection
[    1.700092] mptbase: ioc0: Initiating bringup
[    2.032939] ioc0: LSI53C1030 A0: Capabilities={Initiator}
[    3.996108] scsi host2: ioc0: LSI53C1030 A0, FwRev=00000000h, Ports=1, MaxQ=256, IRQ=20
[    5.090119] scsi 2:0:0:0: Direct-Access     VBOX     HARDDISK         1.0  PQ: 0 ANSI: 5
[    5.092573] scsi target2:0:0: Beginning Domain Validation
[    5.095947] scsi target2:0:0: Domain Validation skipping write tests
[    5.097299] scsi target2:0:0: Ending Domain Validation
[    5.098508] scsi target2:0:0: asynchronous
[    5.100107] scsi 2:0:1:0: Direct-Access     VBOX     HARDDISK         1.0  PQ: 0 ANSI: 5
[    5.113626] scsi target2:0:1: Beginning Domain Validation
[    5.118046] scsi target2:0:1: Domain Validation skipping write tests
[    5.119335] scsi target2:0:1: Ending Domain Validation
[    5.120435] scsi target2:0:1: asynchronous
[    5.122170] scsi 2:0:2:0: Direct-Access     VBOX     HARDDISK         1.0  PQ: 0 ANSI: 5
[    5.137206] scsi target2:0:2: Beginning Domain Validation
[    5.140397] scsi target2:0:2: Domain Validation skipping write tests
[    5.141910] scsi target2:0:2: Ending Domain Validation
[    5.143141] scsi target2:0:2: asynchronous
[    5.160167] sd 2:0:0:0: Attached scsi generic sg0 type 0
[    5.161331] sd 2:0:0:0: [sda] 20971520 512-byte logical blocks: (10.7 GB/10.0 GiB)
[    5.163420] sd 2:0:1:0: Attached scsi generic sg1 type 0
[    5.164954] sd 2:0:2:0: Attached scsi generic sg2 type 0
[    5.166252] sd 2:0:0:0: [sda] Write Protect is off
[    5.167534] sd 2:0:0:0: [sda] Incomplete mode parameter data
[    5.168725] sd 2:0:0:0: [sda] Assuming drive cache: write through
[    5.170193] sd 2:0:2:0: [sdc] 20971520 512-byte logical blocks: (10.7 GB/10.0 GiB)
[    5.171865] sd 2:0:1:0: [sdb] 20480 512-byte logical blocks: (10.5 MB/10.0 MiB)
[    5.175812] sd 2:0:1:0: [sdb] Write Protect is off
[    5.177066] sd 2:0:2:0: [sdc] Write Protect is off
[    5.178256] sd 2:0:2:0: [sdc] Incomplete mode parameter data
[    5.179483] sd 2:0:2:0: [sdc] Assuming drive cache: write through
[    5.180696] sd 2:0:1:0: [sdb] Incomplete mode parameter data
[    5.181873] sd 2:0:1:0: [sdb] Assuming drive cache: write through
[    5.184882] sd 2:0:2:0: [sdc] Attached SCSI disk
[    5.223150]  sda: sda1
[    5.225887] sd 2:0:0:0: [sda] Attached SCSI disk
[    5.247010] sd 2:0:1:0: [sdb] Attached SCSI disk
[    5.480370] e1000 0000:00:08.0 eth1: (PCI:33MHz:32-bit) 08:00:27:8e:05:87
[    5.481790] e1000 0000:00:08.0 eth1: Intel(R) PRO/1000 Network Connection
[    5.484075] e1000 0000:00:08.0 enp0s8: renamed from eth1
[    5.495652] e1000 0000:00:03.0 enp0s3: renamed from eth0
Begin: Loading essential drivers ... [    6.869604] md: linear personality registered for level -1
[    6.873577] md: multipath personality registered for level -4
[    6.877890] md: raid0 personality registered for level 0
[    6.882414] md: raid1 personality registered for level 1
[    6.951899] raid6: sse2x1   gen()  9423 MB/s
[    7.019395] raid6: sse2x1   xor()  7469 MB/s
[    7.087764] raid6: sse2x2   gen() 12128 MB/s
[    7.155739] raid6: sse2x2   xor()  8124 MB/s
[    7.223216] raid6: sse2x4   gen() 13829 MB/s
[    7.291443] raid6: sse2x4   xor()  8796 MB/s
[    7.359680] raid6: avx2x1   gen() 15582 MB/s
[    7.427286] raid6: avx2x2   gen() 20885 MB/s
[    7.495691] raid6: avx2x4   gen() 24282 MB/s
[    7.496670] raid6: using algorithm avx2x4 gen() 24282 MB/s
[    7.497744] raid6: using avx2x2 recovery algorithm
[    7.500117] xor: automatically using best checksumming function:
[    7.539340]    avx       : 25289.000 MB/sec
[    7.542141] async_tx: api initialized (async)
[    7.553252] md: raid6 personality registered for level 6
[    7.554435] md: raid5 personality registered for level 5
[    7.555799] md: raid4 personality registered for level 4
[    7.564166] md: raid10 personality registered for level 10
done.
Begin: Running /scripts/init-premount ... done.
Begin: Mounting root file system ... Begin: Running /scripts/local-top ... done.
Begin: Running /scripts/local-premount ... [    7.592150] Btrfs loaded
Scanning for Btrfs filesystems
done.
Warning: fsck not present, so skipping root file system
[    7.717433] EXT4-fs (sda1): mounted filesystem with ordered data mode. Opts: (null)
done.
Begin: Running /scripts/local-bottom ... done.
Begin: Running /scripts/init-bottom ... done.
[    8.331797] random: nonblocking pool is initialized
[    8.716655] systemd[1]: systemd 229 running in system mode. (+PAM +AUDIT +SELINUX +IMA +APPARMOR +SMACK +SYSVINIT +UTMP +LIBCRYPTSETUP +GCRYPT +GNUTLS +ACL +XZ -LZ4 +SECCOMP +BLKID +ELFUTILS +KMOD -IDN)
[    8.721220] systemd[1]: Detected virtualization oracle.
[    8.722947] systemd[1]: Detected architecture x86-64.

Welcome to [1mUbuntu 16.04.6 LTS[0m!

[    8.792412] systemd[1]: Set hostname to <ubuntu>.
[    8.849969] systemd[1]: Initializing machine ID from random generator.
[    8.852209] systemd[1]: Installed transient /etc/machine-id file.
[   10.786114] systemd[1]: Reached target User and Group Name Lookups.
[[0;32m  OK  [0m] Reached target User and Group Name Lookups.
[   10.792695] systemd[1]: Listening on Device-mapper event daemon FIFOs.
[[0;32m  OK  [0m] Listening on Device-mapper event daemon FIFOs.
[   10.797694] systemd[1]: Created slice User and Session Slice.
[[0;32m  OK  [0m] Created slice User and Session Slice.
[   10.808357] systemd[1]: Listening on udev Kernel Socket.
[[0;32m  OK  [0m] Listening on udev Kernel Socket.
[   10.819776] systemd[1]: Reached target Encrypted Volumes.
[[0;32m  OK  [0m] Reached target Encrypted Volumes.
[   10.827638] systemd[1]: Listening on LVM2 poll daemon socket.
[[0;32m  OK  [0m] Listening on LVM2 poll daemon socket.
[   10.835822] systemd[1]: Created slice System Slice.
[[0;32m  OK  [0m] Created slice System Slice.
[   10.844174] systemd[1]: Reached target Slices.
[[0;32m  OK  [0m] Reached target Slices.
[   10.845785] systemd[1]: Listening on Journal Audit Socket.
[[0;32m  OK  [0m] Listening on Journal Audit Socket.
[   10.856003] systemd[1]: Listening on Journal Socket (/dev/log).
[[0;32m  OK  [0m] Listening on Journal Socket (/dev/log).
[   10.863877] systemd[1]: Listening on Journal Socket.
[[0;32m  OK  [0m] Listening on Journal Socket.
[   10.875556] systemd[1]: Starting Remount Root and Kernel File Systems...
         Starting Remount Root and Kernel File Systems...
[   10.935829] systemd[1]: Starting Load Kernel Modules...
         Starting Load Kernel Modules...
[   10.942491] systemd[1]: Mounting Huge Pages File System...
         Mounting Huge Pages File System...
[   10.951468] systemd[1]: Starting Set console keymap...
         Starting Set console keymap...
[   10.961730] systemd[1]: Starting Create list of required static device nodes for the current kernel...
         Starting Create list of required st... nodes for the current kernel...
[   10.973857] systemd[1]: Starting Nameserver information manager...
[   10.977068] EXT4-fs (sda1): re-mounted. Opts: (null)
         Starting Nameserver information manager...
[   10.979800] systemd[1]: Listening on udev Control Socket.
[[0;32m  OK  [0m] Listening on udev Control Socket.
[   10.991632] systemd[1]: Started Trigger resolvconf update for networkd DNS.
[[0;32m  OK  [0m] Started Trigger resolvconf update for networkd DNS.
[   10.996353] systemd[1]: Reached target Swap.
[[0;32m  OK  [0m] Reached target Swap.
[   11.012038] systemd[1]: Mounting POSIX Message Queue File System...
         Mounting POSIX Message Queue File System...
[   11.015017] systemd[1]: Listening on /dev/initctl Compatibility Named Pipe.
[[0;32m  OK  [0m] Listening on /dev/initctl Compatibility Named Pipe.
[   11.019236] systemd[1]: Reached target System Time Synchronized.
[[0;32m  OK  [0m] Reached target System Time Synchronized.
[   11.023334] systemd[1]: Starting Uncomplicated firewall...
         Starting Uncomplicated firewall...
[   11.032586] systemd[1]: Mounting Debug File System...
         Mounting Debug File System...
[   11.040297] systemd[1]: Listening on Syslog Socket.
[[0;32m  OK  [0m] Listening on Syslog Socket.
[   11.043429] systemd[1]: Starting Journal Service...
         Starting Journal Service...
[   11.045548] systemd[1]: Started Forward Password Requests to Wall Directory Watch.
[[0;32m  OK  [0m] Started Forward Password Requests to Wall Directory Watch.
[   11.048965] systemd[1]: Set up automount Arbitrary Executable File Formats File System Automount Point.
[[0;32m  OK  [0m] Set up automount Arbitrary Executab...ats File System Automount Point.
[   11.179102] systemd[1]: Listening on LVM2 metadata daemon socket.
[[0;32m  OK  [0m] Listening on LVM2 metadata daemon socket.
[   11.208370] systemd[1]: Starting Monitoring of LVM2 mirrors, snapshots etc. using dmeventd or progress polling...
         Starting Monitoring of LVM2 mirrors... dmeventd or progress polling...
[   11.223732] systemd[1]: Created slice system-serial\x2dgetty.slice.
[[0;32m  OK  [0m] Created slice system-serial\x2dgetty.slice.
[   11.239090] systemd[1]: Mounted POSIX Message Queue File System.
[   11.243498] Loading iSCSI transport class v2.0-870.
[[0;32m  OK  [0m] Mounted POSIX Message Queue File System.
[   11.246128] systemd[1]: Mounted Huge Pages File System.
[[0;32m  OK  [0m] Mounted Huge Pages File System.
[   11.251176] systemd[1]: Mounted Debug File System.
[[0;32m  OK  [0m] Mounted Debug File System.
[   11.258332] systemd[1]: Started Remount Root and Kernel File Systems.
[[0;32m  OK  [0m] Started Remount Root and Kernel File Systems.
[   11.266528] systemd[1]: Started Create list of required static device nodes for the current kernel.
[[0;32m  OK  [0m] Started Create list of required sta...ce nodes for the current kernel.
[   11.284744] systemd[1]: Started Uncomplicated firewall.
[[0;32m  OK  [0m] Started Uncomplicated firewall.
[   11.293771] systemd[1]: Starting Create Static Device Nodes in /dev...
         Starting Create Static Device Nodes in /dev...
[   11.304421] systemd[1]: Starting Load/Save Random Seed...
         Starting Load/Save Random Seed...
[   11.396367] systemd[1]: Starting udev Coldplug all Devices...
         Starting udev Coldplug all Devices...
[   11.408456] iscsi: registered transport (tcp)
[   11.440966] systemd[1]: Started Nameserver information manager.
[[0;32m  OK  [0m] Started Nameserver information manager.
[   11.568555] systemd[1]: Started Load/Save Random Seed.
[[0;32m  OK  [0m] Started Load/Save Random Seed.
[   11.624684] systemd[1]: Started Set console keymap.
[[0;32m  OK  [0m] Started Set console keymap.
[   11.640753] systemd[1]: Started udev Coldplug all Devices.
[[0;32m  OK  [0m] Started udev Coldplug all Devices.
[   11.912403] systemd[1]: Started LVM2 metadata daemon.
[[0;32m  OK  [0m] Started LVM2 metadata daemon.
[   11.917513] systemd[1]: Started Journal Service.
[[0;32m  OK  [0m] Started Journal Service.
         Starting Flush Journal to Persistent Storage...
[   11.963427] iscsi: registered transport (iser)
[[0;32m  OK  [0m] Started Load Kernel Modules.
         Starting Apply Kernel Variables...
         Mounting FUSE Control File System...
[[0;32m  OK  [0m] Mounted FUSE Control File System.
[   12.133062] systemd-journald[396]: Received request to flush runtime journal from PID 1
[[0;32m  OK  [0m] Started Flush Journal to Persistent Storage.
[[0;32m  OK  [0m] Started Apply Kernel Variables.
[[0;32m  OK  [0m] Started Monitoring of LVM2 mirrors,...ng dmeventd or progress polling.
[[0;32m  OK  [0m] Started Create Static Device Nodes in /dev.
         Starting udev Kernel Device Manager...
[[0;32m  OK  [0m] Reached target Local File Systems (Pre).
[[0;32m  OK  [0m] Reached target Local File Systems.
         Starting LSB: AppArmor initialization...
         Starting Tell Plymouth To Write Out Runtime Data...
         Starting Set console font and keymap...
         Starting Initial cloud-init job (pre-networking)...
         Starting Commit a transient machine-id on disk...
         Starting Create Volatile Files and Directories...
[[0;32m  OK  [0m] Started Tell Plymouth To Write Out Runtime Data.
[[0;32m  OK  [0m] Started Commit a transient machine-id on disk.
[[0;32m  OK  [0m] Started Create Volatile Files and Directories.
         Starting Update UTMP about System Boot/Shutdown...
[[0;32m  OK  [0m] Started Update UTMP about System Boot/Shutdown.
[[0;32m  OK  [0m] Started udev Kernel Device Manager.
[[0;32m  OK  [0m] Started Dispatch Password Requests to Console Directory Watch.
[[0;32m  OK  [0m] Found device /dev/ttyS0.
[[0;32m  OK  [0m] Listening on Load/Save RF Kill Switch Status /dev/rfkill Watch.
[[0;32m  OK  [0m] Started LSB: AppArmor initialization.
[[0;32m  OK  [0m] Started Set console font and keymap.
[[0;32m  OK  [0m] Created slice system-getty.slice.
[   21.625345] cloud-init[469]: Cloud-init v. 19.4-33-gbb4131a2-0ubuntu1~16.04.1 running 'init-local' at Tue, 24 Mar 2020 11:10:08 +0000. Up 20.86 seconds.
[[0;32m  OK  [0m] Started Initial cloud-init job (pre-networking).
[[0;32m  OK  [0m] Reached target Network (Pre).
         Starting Raise network interfaces...
[[0;32m  OK  [0m] Started Raise network interfaces.
[[0;32m  OK  [0m] Reached target Network.
         Starting Initial cloud-init job (metadata service crawler)...
[   24.471201] cloud-init[983]: Cloud-init v. 19.4-33-gbb4131a2-0ubuntu1~16.04.1 running 'init' at Tue, 24 Mar 2020 11:10:10 +0000. Up 22.42 seconds.
[   24.480750] cloud-init[983]: ci-info: ++++++++++++++++++++++++++++++++++++++Net device info+++++++++++++++++++++++++++++++++++++++
[   24.483630] cloud-init[983]: ci-info: +--------+-------+----------------------------+---------------+--------+-------------------+
[   24.487363] cloud-init[983]: ci-info: | Device |   Up  |          Address           |      Mask     | Scope  |     Hw-Address    |
[   24.490265] cloud-init[983]: ci-info: +--------+-------+----------------------------+---------------+--------+-------------------+
[   24.493046] cloud-init[983]: ci-info: | enp0s3 |  True |         10.0.2.15          | 255.255.255.0 | global | 02:28:e8:e3:81:d2 |
[   24.494526] cloud-init[983]: ci-info: | enp0s3 |  True | fe80::28:e8ff:fee3:81d2/64 |       .       |  link  | 02:28:e8:e3:81:d2 |
[   24.495943] cloud-init[983]: ci-info: | enp0s8 | False |             .              |       .       |   .    | 08:00:27:8e:05:87 |
[   24.497367] cloud-init[983]: ci-info: |   lo   |  True |         127.0.0.1          |   255.0.0.0   |  host  |         .         |
[   24.498814] cloud-init[983]: ci-info: |   lo   |  True |          ::1/128           |       .       |  host  |         .         |
[   24.500226] cloud-init[983]: ci-info: +--------+-------+----------------------------+---------------+--------+-------------------+
[   24.504104] cloud-init[983]: ci-info: +++++++++++++++++++++++++++Route IPv4 info++++++++++++++++++++++++++++
[   24.505985] cloud-init[983]: ci-info: +-------+-------------+----------+---------------+-----------+-------+
[   24.507315] cloud-init[983]: ci-info: | Route | Destination | Gateway  |    Genmask    | Interface | Flags |
[   24.508594] cloud-init[983]: ci-info: +-------+-------------+----------+---------------+-----------+-------+
[   24.512568] cloud-init[983]: ci-info: |   0   |   0.0.0.0   | 10.0.2.2 |    0.0.0.0    |   enp0s3  |   UG  |
[   24.520800] cloud-init[983]: ci-info: |   1   |   10.0.2.0  | 0.0.0.0  | 255.255.255.0 |   enp0s3  |   U   |
[   24.522234] cloud-init[983]: ci-info: +-------+-------------+----------+---------------+-----------+-------+
[   24.528353] cloud-init[983]: ci-info: +++++++++++++++++++Route IPv6 info+++++++++++++++++++
[   24.529190] cloud-init[983]: ci-info: +-------+-------------+---------+-----------+-------+
[   24.530173] cloud-init[983]: ci-info: | Route | Destination | Gateway | Interface | Flags |
[   24.531148] cloud-init[983]: ci-info: +-------+-------------+---------+-----------+-------+
[   24.532018] cloud-init[983]: ci-info: |   0   |  fe80::/64  |    ::   |   enp0s3  |   U   |
[   24.540522] cloud-init[983]: ci-info: |   3   |   ff00::/8  |    ::   |   enp0s3  |   U   |
[   24.548640] cloud-init[983]: ci-info: +-------+-------------+---------+-----------+-------+
[   24.549974] cloud-init[983]: Generating public/private rsa key pair.
[   24.551703] cloud-init[983]: Your identification has been saved in /etc/ssh/ssh_host_rsa_key.
[   24.553673] cloud-init[983]: Your public key has been saved in /etc/ssh/ssh_host_rsa_key.pub.
[   24.555123] cloud-init[983]: The key fingerprint is:
[   24.556153] cloud-init[983]: SHA256:Ufm63Ble1GOUUr04HFqZtHjgFJ+DOYpIgONhFLshyRI root@ubuntu-xenial
[   24.557727] cloud-init[983]: The key's randomart image is:
[   24.559137] [[0;32m  OK  [0m] Started Initial cloud-init job (metadata service crawler).
[[0;32m  OK  [0m] Reached target Network is Online.
cloud-init[983]: +---[RSA 2048]----+
[   24.561870] cloud-init[983]: |Eoo.      .=o.+.o|
[   24.562908] cloud-init[983]: |.B. .    .+ **oo.|
[   24.563790] cloud-init[983]: |*+o  .  .  B+*=..|
[   24.564715] cloud-init[983]: |o.o . . ....++o+.|
[   24.565567] cloud-init[983]: | .   . .S. . .o .|
[   24.566685] cloud-init[983]: |          . . .  |
[   24.567697] cloud-init[983]: |         . + +   |
[   24.576729]          Starting iSCSI initiator daemon (iscsid)...
[[0;32m  OK  [0m] Reached target System Initialization.
cloud-init[983]: |          o +    |
[   24.578211] cloud-init[983]: |                 |
[   24.584507] cloud-init[983]: +----[SHA256]-----+
[   24.592310] cloud-init[983]: Generating public/private dsa key pair.
[   24.601294]          Starting LXD - unix socket.
[[0;32m  OK  [0m] Listening on UUID daemon activation socket.
cloud-init[983]: Your identification has been saved in /etc/ssh/ssh_host_dsa_key.
[   24.604906] [[0;32m  OK  [0m] Listening on D-Bus System Message Bus Socket.
[[0;32m  OK  [0m] Started Daily apt download activities.
[[0;32m  OK  [0m] Started Daily apt upgrade and clean activities.
         Starting Socket activation for snappy daemon.
[[0;32m  OK  [0m] Started Daily Cleanup of Temporary Directories.
[[0;32m  OK  [0m] Started Message of the Day.
[[0;32m  OK  [0m] Reached target Timers.
[[0;32m  OK  [0m] Listening on ACPID Listen Socket.
cloud-init[983]: Your public key has been saved in /etc/ssh/ssh_host_dsa_key.pub.
[   24.609170] cloud-init[983]: The key fingerprint is:
[   24.610381] cloud-init[983]: SHA256:lxahCKunYyQUweEnCaXOlEkxVvOkktd8xbe9Gv4QKb4 root@ubuntu-xenial
[   24.611673] cloud-init[983]: The key's randomart image is:
[   24.612720] cloud-init[983]: +---[DSA 1024]----+
[   24.613613] cloud-init[983]: |oX*o..  ...      |
[   24.614509] cloud-init[983]: |=oB Bo ..o o     |
[   24.615368] cloud-init[983]: |.@ +.+... o o    |
[   24.616347] cloud-init[983]: |= =.  .    +..   |
[   24.617590] cloud-init[[0;32m  OK  [0m] Started ACPI Events Check.
[[0;32m  OK  [0m] Reached target Paths.
[[0;32m  OK  [0m] Reached target Cloud-config availability.
[983]: [[0;32m  OK  [0m] Listening on LXD - unix socket.
[[0;32m  OK  [0m] Listening on Socket activation for snappy daemon.
[[0;32m  OK  [0m] Reached target Sockets.
[[0;32m  OK  [0m] Reached target Basic System.
|.oo .   S.+o  .  |
[   24.623122] cloud-init[983]: | o o    .o....   |
[   24.624027] cloud-init[983]: |  +      ...o    |
[   24.624934] cloud-init[983]: | . .      .o.    |
[   24.625801] cloud-init[983]: |         E  ..   |
[   24.626660] cloud-init[983]: +----[SHA256]-----+
[   24.627538] cloud-init[983]: Generating public/private ecdsa key pair.
[   24.628659] cloud-init[983]: Your identification has been saved in /etc/ssh/ssh_host_ecdsa_key.
[   24.629912] cloud-init[983]: Your public key has been saved in /etc/ssh/ssh_host_ecdsa_key.pub.
[   24.631489] cloud-init[983]: The key fingerprint is:         Starting LSB: Record successful boot for GRUB...

[   24.632985] cloud-init[983]: SHA256:rJk1ike9+KigzfOzGXDSSKuwSabo5hMV9eelgkTD82o root@ubuntu-xenial
[   24.634542] cloud-init[983]: The key's randomart image is:
[   24.641135] cloud-init[983]: +---[ECDSA 256]---+
[   24.648904] cloud-init[983]: |    o+           |
[   24.656738] [[0;32m  OK  [0m] Started Regular background program processing daemon.
cloud-init[983]: |   ..oo          |
[   24.668824]          cloud-initStarting LSB: MD monitoring daemon...
[983]: |  . ..o. . .     |
[   24.681240] [[0;32m  OK  [0m] Started Deferred execution scheduler.
cloud-init[983]: | . =. .+o o      |
[   24.689049]          Starting Login Service...
cloud-init[983]: |.o* o.o.So       |
[   24.690137]          Starting System Logging Service...
cloud-init[983]: |*= + E B.o       |
[   24.691402]          Starting Accounts Service...
cloud-init[983]: |* o + B .        |
[   24.701004] cloud-init[983]: |.*...+ o         |
[   24.702688] cloud-init[983]: |+o+o=+. .        |
[   24.703791] cloud-init[983]: +----[SHA256]-----+
[   24.704723] cloud-init[983]: Generating public/private ed25519 key pair.
[   24.705705] cloud-init[983]: Your identification has been saved in /etc/ssh/ssh_host_ed25519_key.
[   24.706982] cloud-init[983]: Your public key has been saved in /etc/ssh/ssh_host_ed25519_key.pub.
[   24.708527] cloud-init[983]: The key fingerprint is:
[   24.709735] cloud-init[983]: SHA256:QmxuGU+9PG7oH/qeTTPEBfbzH9mJaBrQBang0XJbeTo root@ubuntu-xenial
[   24.711397] cloud-init[983]: The key's randomart image is:
[   24.712744] cloud-init[983]: +--[ED25519 256]--+
[   24.713909] cloud-init[983]: |      .  .+.o    |
[   24.715391] cloud-init[983]: |     = o.=.o o   |
[   24.724865] cloud-init[983]: |    . X.=.+   +  |
[   24.726010] cloud-init[983]: |     = B.E o...o+|
[   24.727171] cloud-init[983]: |      = S.=oo. +o|
[   24.728388] cloud-init[983]: |     . . o+o    o|
[   24.729561] cloud-init[983]: |        ..+ +   .|
[   24.730683] cloud-init[983]: |       . o = o   |
[   24.731874] cloud-init[983]: |        o+= .    |
[   24.733122] cloud-init[983]: +----[SHA256]-----+
         Starting Pollinate to seed the pseudo random number generator...
[[0;32m  OK  [0m] Started ACPI event daemon.
         Starting /etc/rc.local Compatibility...
[[0;32m  OK  [0m] Started D-Bus System Message Bus.
         Starting Snappy daemon...
         Starting Virtualbox guest utils...
[[0;32m  OK  [0m] Started FUSE filesystem for LXC.
         Starting LXD - container startup/shutdown...
[[0;32m  OK  [0m] Started System Logging Service.
[[0;32m  OK  [0m] Started /etc/rc.local Compatibility.
[[0;32m  OK  [0m] Started Login Service.
[[0;32m  OK  [0m] Started Unattended Upgrades Shutdown.
[[0;32m  OK  [0m] Started LSB: Record successful boot for GRUB.
[[0;32m  OK  [0m] Started iSCSI initiator daemon (iscsid).
         Starting Login to default iSCSI targets...
         Starting Authenticate and Authorize Users to Run Privileged Tasks...
[[0;32m  OK  [0m] Started LSB: MD monitoring daemon.
[[0;32m  OK  [0m] Started Login to default iSCSI targets.
[[0;32m  OK  [0m] Reached target Remote File Systems (Pre).
[[0;32m  OK  [0m] Reached target Remote File Systems.
         Starting Permit User Sessions...
         Starting LSB: Set the CPU Frequency Scaling governor to "ondemand"...
         Starting LSB: automatic crash report generation...
         Starting LSB: daemon to balance interrupts for SMP systems...
[[0;32m  OK  [0m] Started LSB: Set the CPU Frequency Scaling governor to "ondemand".
[[0;32m  OK  [0m] Started Permit User Sessions.
         Starting Hold until boot process finishes up...
         Starting Terminate Plymouth Boot Screen...
[[0;32m  OK  [0m] Started LSB: automatic crash report generation.
[[0;32m  OK  [0m] Started Hold until boot process finishes up.
[[0;32m  OK  [0m] Started Terminate Plymouth Boot Screen.
[[0;32m  OK  [0m] Started Getty on tty1.
         Starting Set console scheme...
[[0;32m  OK  [0m] Started Serial Getty on ttyS0.
[[0;32m  OK  [0m] Reached target Login Prompts.
[[0;32m  OK  [0m] Started Set console scheme.
[[0;32m  OK  [0m] Started LSB: daemon to balance interrupts for SMP systems.
[[0;32m  OK  [0m] Started Authenticate and Authorize Users to Run Privileged Tasks.
[[0;32m  OK  [0m] Started Accounts Service.
[[0;32m  OK  [0m] Started Virtualbox guest utils.
[[0;32m  OK  [0m] Started Pollinate to seed the pseudo random number generator.
         Starting OpenBSD Secure Shell server...
[[0;32m  OK  [0m] Started OpenBSD Secure Shell server.
[[0;32m  OK  [0m] Started Snappy daemon.
         Starting Wait until snapd is fully seeded...
[[0;32m  OK  [0m] Started LXD - container startup/shutdown.
[[0;32m  OK  [0m] Created slice User Slice of vagrant.
         Starting User Manager for UID 1000...
[[0;32m  OK  [0m] Started Session 1 of user vagrant.
[[0;32m  OK  [0m] Started User Manager for UID 1000.

Ubuntu 16.04.6 LTS ubuntu-xenial ttyS0

ubuntu-xenial login: [   35.609892] cloud-init[1524]: Generating locales (this might take a while)...
[   36.829993] cloud-init[1524]:   en_US.UTF-8... done
[   36.830528] cloud-init[1524]: Generation complete.
[   38.162813] cloud-init[1524]: Cloud-init v. 19.4-33-gbb4131a2-0ubuntu1~16.04.1 running 'modules:config' at Tue, 24 Mar 2020 11:10:23 +0000. Up 35.39 seconds.
ci-info: no authorized SSH keys fingerprints found for user ubuntu.
<14>Mar 24 11:10:26 ec2: 
<14>Mar 24 11:10:26 ec2: #############################################################
<14>Mar 24 11:10:26 ec2: -----BEGIN SSH HOST KEY FINGERPRINTS-----
<14>Mar 24 11:10:26 ec2: 1024 SHA256:lxahCKunYyQUweEnCaXOlEkxVvOkktd8xbe9Gv4QKb4 root@ubuntu-xenial (DSA)
<14>Mar 24 11:10:26 ec2: 256 SHA256:rJk1ike9+KigzfOzGXDSSKuwSabo5hMV9eelgkTD82o root@ubuntu-xenial (ECDSA)
<14>Mar 24 11:10:26 ec2: 256 SHA256:QmxuGU+9PG7oH/qeTTPEBfbzH9mJaBrQBang0XJbeTo root@ubuntu-xenial (ED25519)
<14>Mar 24 11:10:26 ec2: 2048 SHA256:Ufm63Ble1GOUUr04HFqZtHjgFJ+DOYpIgONhFLshyRI root@ubuntu-xenial (RSA)
<14>Mar 24 11:10:26 ec2: -----END SSH HOST KEY FINGERPRINTS-----
<14>Mar 24 11:10:26 ec2: #############################################################
-----BEGIN SSH HOST KEY KEYS-----
ecdsa-sha2-nistp256 AAAAE2VjZHNhLXNoYTItbmlzdHAyNTYAAAAIbmlzdHAyNTYAAABBBDVlH2yKz6YUpKge8IBPSnhMtSn/7fTmHZxRfwV4aaJSB2oDec5UlthwJdOBEDPGDS6W2U2kpWSm4dVP4bUpmEU= root@ubuntu-xenial
ssh-ed25519 AAAAC3NzaC1lZDI1NTE5AAAAIIGD7yNEm5isil0/NUopufXMRl+5F14s9BksLUZnCpuG root@ubuntu-xenial
ssh-rsa AAAAB3NzaC1yc2EAAAADAQABAAABAQCY1WEiEerOFt371nMRJXqOffxcjOPcZBuHP3eiXlPE5uoV3fL1E25LHr6aHLE2HmK7iQjeGwBz/6V0zmELS3siRa9E1LayG1TXAEnC6XZ71cq5ygNbU1yVaTbkgutEgwv2Wm91dD5lNxUdZuAJ1U1wqnPNk8UJx5P4lzL93DH/WG+hwpDBgrNdHDxdFErt8PSnLemJ1lg35ufJ3nZF7muwm2SHqbpF+4CEqdCClg2NMhVNel4VPzan9c2TXj4XotOvdb2k+Ndm6Y0DfuDVvyQuvZ/ndkKPiAo1fgl4X+1F6QrLFckSupSbnYGk80fAku52IACc9TPCp0kU1UfQGncv root@ubuntu-xenial
-----END SSH HOST KEY KEYS-----
[   38.872846] cloud-init[1605]: Cloud-init v. 19.4-33-gbb4131a2-0ubuntu1~16.04.1 running 'modules:final' at Tue, 24 Mar 2020 11:10:26 +0000. Up 38.55 seconds.
[   38.873817] cloud-init[1605]: ci-info: no authorized SSH keys fingerprints found for user ubuntu.
[   38.874506] cloud-init[1605]: Cloud-init v. 19.4-33-gbb4131a2-0ubuntu1~16.04.1 finished at Tue, 24 Mar 2020 11:10:26 +0000. Datasource DataSourceNoCloud [seed=/dev/sdb][dsmode=net].  Up 38.86 seconds
